2026-02-16 18:00:32,870 - INFO - Created new history file: price_history.csv
2026-02-16 18:00:32,875 - INFO - Creating mock data
2026-02-16 18:00:32,879 - INFO - Created mock data with 14 records
2026-02-16 18:00:32,880 - INFO - Mock data created successfully
2026-02-16 18:00:41,598 - INFO - Running in test mode
2026-02-16 18:00:41,598 - INFO - Starting price monitoring cycle
2026-02-16 18:00:41,598 - INFO - Monitoring product: Apple AirPods Pro
2026-02-16 18:00:41,599 - INFO - Checking rozetka price for https://rozetka.com.ua/ua/apple-airpods-pro-2nd-gen-usb-c-mtjv3ty-a/p389632293/
2026-02-16 18:00:41,599 - INFO - ====== WebDriver manager ======
2026-02-16 18:00:43,555 - INFO - Get LATEST chromedriver version for google-chrome
2026-02-16 18:00:44,497 - INFO - Get LATEST chromedriver version for google-chrome
2026-02-16 18:00:45,375 - INFO - Driver [C:\Users\User\.wdm\drivers\chromedriver\win64\144.0.7559.133\chromedriver-win32/chromedriver.exe] found in cache
2026-02-16 18:00:53,436 - ERROR - Error getting rozetka price: 'charmap' codec can't encode characters in position 0-5: character maps to <undefined>
2026-02-16 18:00:53,436 - INFO - Checking foxtrot price for https://www.foxtrot.com.ua/uk/shop/naushniki-apple-airpods-pro-2-usb-c.html
2026-02-16 18:00:53,436 - INFO - ====== WebDriver manager ======
2026-02-16 18:00:55,153 - INFO - Get LATEST chromedriver version for google-chrome
2026-02-16 18:00:56,103 - INFO - Get LATEST chromedriver version for google-chrome
2026-02-16 18:00:56,981 - INFO - Driver [C:\Users\User\.wdm\drivers\chromedriver\win64\144.0.7559.133\chromedriver-win32/chromedriver.exe] found in cache
2026-02-16 18:01:10,684 - WARNING - Failed to get foxtrot price
2026-02-16 18:01:12,684 - INFO - Checking allo price for https://allo.ua/ua/naushniki/naushniki-apple-airpods-pro-2nd-gen-usb-c-mtjv3ty-a-white.html
2026-02-16 18:01:12,685 - INFO - ====== WebDriver manager ======
2026-02-16 18:01:14,483 - INFO - Get LATEST chromedriver version for google-chrome
2026-02-16 18:01:15,364 - INFO - Get LATEST chromedriver version for google-chrome
2026-02-16 18:01:16,230 - INFO - Driver [C:\Users\User\.wdm\drivers\chromedriver\win64\144.0.7559.133\chromedriver-win32/chromedriver.exe] found in cache
2026-02-16 18:01:36,429 - INFO - Allo price: 11,699 UAH
2026-02-16 18:01:38,487 - INFO - PRICE DROP ALERT: allo Apple AirPods Pro 31999->11699 (-63.4%)
2026-02-16 18:01:39,414 - ERROR - Failed to send Telegram message: 404 Client Error: Not Found for url: https://api.telegram.org/botYOUR_BOT_TOKEN_HERE/sendMessage
2026-02-16 18:01:39,415 - ERROR - Failed to send alert for allo Apple AirPods Pro
2026-02-16 18:01:39,433 - INFO - Added price record for Apple AirPods Pro
2026-02-16 18:01:39,433 - INFO - Monitoring product: Samsung Galaxy Buds2 Pro
2026-02-16 18:01:39,434 - INFO - Checking rozetka price for https://rozetka.com.ua/ua/samsung-galaxy-buds2-pro-sm-r510nzkasek/p389632293/
2026-02-16 18:01:39,434 - INFO - ====== WebDriver manager ======
2026-02-16 18:01:41,203 - INFO - Get LATEST chromedriver version for google-chrome
2026-02-16 18:01:42,078 - INFO - Get LATEST chromedriver version for google-chrome
2026-02-16 18:01:43,048 - INFO - Driver [C:\Users\User\.wdm\drivers\chromedriver\win64\144.0.7559.133\chromedriver-win32/chromedriver.exe] found in cache
2026-02-16 18:01:48,412 - ERROR - Error getting rozetka price: 'charmap' codec can't encode characters in position 0-5: character maps to <undefined>
2026-02-16 18:01:48,413 - INFO - Checking foxtrot price for https://www.foxtrot.com.ua/uk/shop/naushniki-samsung-galaxy-buds2-pro.html
2026-02-16 18:01:48,413 - INFO - ====== WebDriver manager ======
2026-02-16 18:01:50,694 - INFO - Get LATEST chromedriver version for google-chrome
2026-02-16 18:01:51,718 - INFO - Get LATEST chromedriver version for google-chrome
2026-02-16 18:01:52,765 - INFO - Driver [C:\Users\User\.wdm\drivers\chromedriver\win64\144.0.7559.133\chromedriver-win32/chromedriver.exe] found in cache
2026-02-16 18:02:07,323 - WARNING - Failed to get foxtrot price
2026-02-16 18:02:09,325 - INFO - Checking allo price for https://allo.ua/ua/naushniki/naushniki-samsung-galaxy-buds2-pro-sm-r510nzkasek.html
2026-02-16 18:02:09,326 - INFO - ====== WebDriver manager ======
2026-02-16 18:02:11,169 - INFO - Get LATEST chromedriver version for google-chrome
2026-02-16 18:02:12,133 - INFO - Get LATEST chromedriver version for google-chrome
2026-02-16 18:02:13,137 - INFO - Driver [C:\Users\User\.wdm\drivers\chromedriver\win64\144.0.7559.133\chromedriver-win32/chromedriver.exe] found in cache
2026-02-16 18:03:33,959 - INFO - Allo price: 14,099 UAH
2026-02-16 18:03:35,972 - INFO - Added price record for Samsung Galaxy Buds2 Pro
2026-02-16 18:03:35,972 - INFO - Monitoring product: Xiaomi Redmi Buds 4 Pro
2026-02-16 18:03:35,972 - INFO - Checking rozetka price for https://rozetka.com.ua/ua/xiaomi-redmi-buds-4-pro/p389632293/
2026-02-16 18:03:35,972 - INFO - ====== WebDriver manager ======
2026-02-16 18:03:37,948 - INFO - Get LATEST chromedriver version for google-chrome
2026-02-16 18:03:38,884 - INFO - Get LATEST chromedriver version for google-chrome
2026-02-16 18:03:39,776 - INFO - Driver [C:\Users\User\.wdm\drivers\chromedriver\win64\144.0.7559.133\chromedriver-win32/chromedriver.exe] found in cache
2026-02-16 18:03:45,637 - ERROR - Error getting rozetka price: 'charmap' codec can't encode characters in position 0-5: character maps to <undefined>
2026-02-16 18:03:45,637 - INFO - Checking foxtrot price for https://www.foxtrot.com.ua/uk/shop/naushniki-xiaomi-redmi-buds-4-pro.html
2026-02-16 18:03:45,638 - INFO - ====== WebDriver manager ======
2026-02-16 18:03:47,302 - INFO - Get LATEST chromedriver version for google-chrome
2026-02-16 18:03:48,189 - INFO - Get LATEST chromedriver version for google-chrome
2026-02-16 18:03:49,104 - INFO - Driver [C:\Users\User\.wdm\drivers\chromedriver\win64\144.0.7559.133\chromedriver-win32/chromedriver.exe] found in cache
2026-02-16 18:04:02,893 - WARNING - Failed to get foxtrot price
2026-02-16 18:04:04,894 - INFO - Checking allo price for https://allo.ua/ua/naushniki/naushniki-xiaomi-redmi-buds-4-pro.html
2026-02-16 18:04:04,895 - INFO - ====== WebDriver manager ======
2026-02-16 18:04:06,606 - INFO - Get LATEST chromedriver version for google-chrome
2026-02-16 18:04:07,569 - INFO - Get LATEST chromedriver version for google-chrome
2026-02-16 18:04:08,530 - INFO - Driver [C:\Users\User\.wdm\drivers\chromedriver\win64\144.0.7559.133\chromedriver-win32/chromedriver.exe] found in cache
2026-02-16 18:05:58,795 - INFO - Allo price: 3,199 UAH
2026-02-16 18:06:00,815 - INFO - Added price record for Xiaomi Redmi Buds 4 Pro
2026-02-16 18:06:00,816 - INFO - Monitoring product: Anker PowerCore 20000mAh
2026-02-16 18:06:00,816 - INFO - Checking rozetka price for https://rozetka.com.ua/ua/anker-powercore-20000/p389632293/
2026-02-16 18:06:00,816 - INFO - ====== WebDriver manager ======
2026-02-16 18:06:02,502 - INFO - Get LATEST chromedriver version for google-chrome
2026-02-16 18:06:03,449 - INFO - Get LATEST chromedriver version for google-chrome
2026-02-16 18:06:05,219 - INFO - Driver [C:\Users\User\.wdm\drivers\chromedriver\win64\144.0.7559.133\chromedriver-win32/chromedriver.exe] found in cache
2026-02-16 18:06:09,794 - ERROR - Error getting rozetka price: 'charmap' codec can't encode characters in position 0-5: character maps to <undefined>
2026-02-16 18:06:09,794 - INFO - Checking foxtrot price for https://www.foxtrot.com.ua/uk/shop/power-bank-anker-powercore-20000.html
2026-02-16 18:06:09,794 - INFO - ====== WebDriver manager ======
2026-02-16 18:06:11,568 - INFO - Get LATEST chromedriver version for google-chrome
2026-02-16 18:06:12,732 - INFO - Get LATEST chromedriver version for google-chrome
2026-02-16 18:06:14,006 - INFO - Driver [C:\Users\User\.wdm\drivers\chromedriver\win64\144.0.7559.133\chromedriver-win32/chromedriver.exe] found in cache
2026-02-16 18:06:28,044 - WARNING - Failed to get foxtrot price
2026-02-16 18:06:30,045 - INFO - Checking allo price for https://allo.ua/ua/akustika/powerbank-anker-powercore-20000.html
2026-02-16 18:06:30,045 - INFO - ====== WebDriver manager ======
2026-02-16 18:06:31,683 - INFO - Get LATEST chromedriver version for google-chrome
2026-02-16 18:06:32,576 - INFO - Get LATEST chromedriver version for google-chrome
2026-02-16 18:06:33,416 - INFO - Driver [C:\Users\User\.wdm\drivers\chromedriver\win64\144.0.7559.133\chromedriver-win32/chromedriver.exe] found in cache
2026-02-16 18:08:10,242 - WARNING - Failed to get allo price
2026-02-16 18:08:12,246 - INFO - Added price record for Anker PowerCore 20000mAh
2026-02-16 18:08:12,247 - INFO - Monitoring product: JBL Charge 5
2026-02-16 18:08:12,247 - INFO - Checking rozetka price for https://rozetka.com.ua/ua/jbl-charge-5/p389632293/
2026-02-16 18:08:12,247 - INFO - ====== WebDriver manager ======
2026-02-16 18:08:15,307 - INFO - Get LATEST chromedriver version for google-chrome
2026-02-16 18:08:16,707 - INFO - Get LATEST chromedriver version for google-chrome
2026-02-16 18:08:17,415 - INFO - Driver [C:\Users\User\.wdm\drivers\chromedriver\win64\144.0.7559.133\chromedriver-win32/chromedriver.exe] found in cache
2026-02-16 18:08:23,107 - ERROR - Error getting rozetka price: 'charmap' codec can't encode characters in position 0-5: character maps to <undefined>
2026-02-16 18:08:23,108 - INFO - Checking foxtrot price for https://www.foxtrot.com.ua/uk/shop/kolonka-jbl-charge-5.html
2026-02-16 18:08:23,108 - INFO - ====== WebDriver manager ======
2026-02-16 18:08:26,345 - INFO - Get LATEST chromedriver version for google-chrome
2026-02-16 18:08:27,349 - INFO - Get LATEST chromedriver version for google-chrome
2026-02-16 18:08:28,567 - INFO - Driver [C:\Users\User\.wdm\drivers\chromedriver\win64\144.0.7559.133\chromedriver-win32/chromedriver.exe] found in cache
2026-02-16 18:08:43,767 - WARNING - Failed to get foxtrot price
2026-02-16 18:08:45,768 - INFO - Checking allo price for https://allo.ua/ua/akustika/kolonka-jbl-charge-5.html
2026-02-16 18:08:45,768 - INFO - ====== WebDriver manager ======
2026-02-16 18:08:46,951 - INFO - Get LATEST chromedriver version for google-chrome
2026-02-16 18:08:47,563 - INFO - Get LATEST chromedriver version for google-chrome
2026-02-16 18:08:48,144 - INFO - Driver [C:\Users\User\.wdm\drivers\chromedriver\win64\144.0.7559.133\chromedriver-win32/chromedriver.exe] found in cache
2026-02-16 18:10:27,047 - WARNING - Failed to get allo price
2026-02-16 18:10:29,062 - INFO - Added price record for JBL Charge 5
2026-02-16 18:10:29,062 - INFO - Monitoring cycle completed: 5/5 products checked, 0 alerts sent
2026-02-16 19:04:11,181 - INFO - Starting price monitor with 2-hour intervals
2026-02-16 19:04:11,828 - ERROR - Failed to send Telegram message: 404 Client Error: Not Found for url: https://api.telegram.org/botYOUR_BOT_TOKEN_HERE/sendMessage
2026-02-16 19:04:11,834 - ERROR - Telegram connection test failed
2026-02-16 19:04:11,835 - INFO - Starting price monitoring cycle
2026-02-16 19:04:11,835 - INFO - Monitoring product: Apple AirPods Pro
2026-02-16 19:04:11,835 - INFO - Checking rozetka price for https://rozetka.com.ua/ua/apple-airpods-pro-2nd-gen-usb-c-mtjv3ty-a/p389632293/
2026-02-16 19:04:11,836 - INFO - ====== WebDriver manager ======
2026-02-16 19:04:13,756 - INFO - Get LATEST chromedriver version for google-chrome
2026-02-16 19:04:14,514 - INFO - Get LATEST chromedriver version for google-chrome
2026-02-16 19:04:15,161 - INFO - Driver [C:\Users\User\.wdm\drivers\chromedriver\win64\144.0.7559.133\chromedriver-win32/chromedriver.exe] found in cache
2026-02-16 19:04:39,805 - WARNING - Failed to get rozetka price
2026-02-16 19:04:41,807 - INFO - Checking foxtrot price for https://www.foxtrot.com.ua/uk/shop/naushniki-apple-airpods-pro-2-usb-c.html
2026-02-16 19:04:41,807 - INFO - ====== WebDriver manager ======
2026-02-16 19:04:46,213 - INFO - Get LATEST chromedriver version for google-chrome
2026-02-16 19:04:47,543 - INFO - Get LATEST chromedriver version for google-chrome
2026-02-16 19:04:48,268 - INFO - Driver [C:\Users\User\.wdm\drivers\chromedriver\win64\144.0.7559.133\chromedriver-win32/chromedriver.exe] found in cache
2026-02-16 19:05:04,202 - WARNING - Failed to get foxtrot price
2026-02-16 19:05:06,205 - INFO - Checking allo price for https://allo.ua/ua/naushniki/naushniki-apple-airpods-pro-2nd-gen-usb-c-mtjv3ty-a-white.html
2026-02-16 19:05:06,205 - INFO - ====== WebDriver manager ======
2026-02-16 19:05:08,297 - INFO - Get LATEST chromedriver version for google-chrome
2026-02-16 19:05:09,019 - INFO - Get LATEST chromedriver version for google-chrome
2026-02-16 19:05:09,705 - INFO - Driver [C:\Users\User\.wdm\drivers\chromedriver\win64\144.0.7559.133\chromedriver-win32/chromedriver.exe] found in cache
2026-02-16 19:05:28,334 - INFO - Allo price: 11,699 UAH
2026-02-16 19:05:30,385 - INFO - Added price record for Apple AirPods Pro
2026-02-16 19:05:30,386 - INFO - Monitoring product: Samsung Galaxy Buds2 Pro
2026-02-16 19:05:30,386 - INFO - Checking rozetka price for https://rozetka.com.ua/ua/samsung-galaxy-buds2-pro-sm-r510nzkasek/p389632293/
2026-02-16 19:05:30,386 - INFO - ====== WebDriver manager ======
2026-02-16 19:05:31,785 - INFO - Get LATEST chromedriver version for google-chrome
2026-02-16 19:05:32,455 - INFO - Get LATEST chromedriver version for google-chrome
2026-02-16 19:05:33,091 - INFO - Driver [C:\Users\User\.wdm\drivers\chromedriver\win64\144.0.7559.133\chromedriver-win32/chromedriver.exe] found in cache
2026-02-16 19:05:54,925 - WARNING - Failed to get rozetka price
2026-02-16 19:05:56,926 - INFO - Checking foxtrot price for https://www.foxtrot.com.ua/uk/shop/naushniki-samsung-galaxy-buds2-pro.html
2026-02-16 19:05:56,941 - INFO - ====== WebDriver manager ======
2026-02-16 19:05:58,503 - INFO - Get LATEST chromedriver version for google-chrome
2026-02-16 19:05:59,195 - INFO - Get LATEST chromedriver version for google-chrome
2026-02-16 19:05:59,904 - INFO - Driver [C:\Users\User\.wdm\drivers\chromedriver\win64\144.0.7559.133\chromedriver-win32/chromedriver.exe] found in cache
2026-02-16 19:06:13,362 - WARNING - Failed to get foxtrot price
2026-02-16 19:06:15,373 - INFO - Checking allo price for https://allo.ua/ua/naushniki/naushniki-samsung-galaxy-buds2-pro-sm-r510nzkasek.html
2026-02-16 19:06:15,374 - INFO - ====== WebDriver manager ======
2026-02-16 19:06:16,835 - INFO - Get LATEST chromedriver version for google-chrome
2026-02-16 19:06:17,558 - INFO - Get LATEST chromedriver version for google-chrome
2026-02-16 19:06:18,630 - INFO - Driver [C:\Users\User\.wdm\drivers\chromedriver\win64\144.0.7559.133\chromedriver-win32/chromedriver.exe] found in cache
2026-02-16 19:08:09,974 - INFO - Allo price: 3,199 UAH
2026-02-16 19:08:11,986 - INFO - PRICE DROP ALERT: allo Samsung Galaxy Buds2 Pro 14099.0->3199 (-77.3%)
2026-02-16 19:08:12,661 - ERROR - Failed to send Telegram message: 404 Client Error: Not Found for url: https://api.telegram.org/botYOUR_BOT_TOKEN_HERE/sendMessage
2026-02-16 19:08:12,663 - ERROR - Failed to send alert for allo Samsung Galaxy Buds2 Pro
2026-02-16 19:08:12,670 - INFO - Added price record for Samsung Galaxy Buds2 Pro
2026-02-16 19:08:12,670 - INFO - Monitoring product: Xiaomi Redmi Buds 4 Pro
2026-02-16 19:08:12,671 - INFO - Checking rozetka price for https://rozetka.com.ua/ua/xiaomi-redmi-buds-4-pro/p389632293/
2026-02-16 19:08:12,671 - INFO - ====== WebDriver manager ======
2026-02-16 19:08:14,497 - INFO - Get LATEST chromedriver version for google-chrome
2026-02-16 19:08:15,194 - INFO - Get LATEST chromedriver version for google-chrome
2026-02-16 19:08:15,802 - INFO - Driver [C:\Users\User\.wdm\drivers\chromedriver\win64\144.0.7559.133\chromedriver-win32/chromedriver.exe] found in cache
2026-02-16 19:08:40,434 - WARNING - Failed to get rozetka price
2026-02-16 19:08:42,437 - INFO - Checking foxtrot price for https://www.foxtrot.com.ua/uk/shop/naushniki-xiaomi-redmi-buds-4-pro.html
2026-02-16 19:08:42,438 - INFO - ====== WebDriver manager ======
2026-02-16 19:08:43,892 - INFO - Get LATEST chromedriver version for google-chrome
2026-02-16 19:08:44,601 - INFO - Get LATEST chromedriver version for google-chrome
2026-02-16 19:08:45,368 - INFO - Driver [C:\Users\User\.wdm\drivers\chromedriver\win64\144.0.7559.133\chromedriver-win32/chromedriver.exe] found in cache
2026-02-16 19:08:58,897 - WARNING - Failed to get foxtrot price
2026-02-16 19:09:00,902 - INFO - Checking allo price for https://allo.ua/ua/naushniki/naushniki-xiaomi-redmi-buds-4-pro.html
2026-02-16 19:09:00,903 - INFO - ====== WebDriver manager ======
2026-02-16 19:09:04,563 - INFO - Get LATEST chromedriver version for google-chrome
2026-02-16 19:09:05,329 - INFO - Get LATEST chromedriver version for google-chrome
2026-02-16 19:09:06,071 - INFO - Driver [C:\Users\User\.wdm\drivers\chromedriver\win64\144.0.7559.133\chromedriver-win32/chromedriver.exe] found in cache
2026-02-16 19:10:54,266 - INFO - Allo price: 3,199 UAH
2026-02-16 19:10:56,282 - INFO - Added price record for Xiaomi Redmi Buds 4 Pro
2026-02-16 19:10:56,285 - INFO - Monitoring product: Anker PowerCore 20000mAh
2026-02-16 19:10:56,285 - INFO - Checking rozetka price for https://rozetka.com.ua/ua/anker-powercore-20000/p389632293/
2026-02-16 19:10:56,285 - INFO - ====== WebDriver manager ======
2026-02-16 19:10:58,270 - INFO - Get LATEST chromedriver version for google-chrome
2026-02-16 19:10:58,957 - INFO - Get LATEST chromedriver version for google-chrome
2026-02-16 19:10:59,670 - INFO - Driver [C:\Users\User\.wdm\drivers\chromedriver\win64\144.0.7559.133\chromedriver-win32/chromedriver.exe] found in cache
2026-02-16 19:11:18,657 - INFO - Running in test mode
2026-02-16 19:11:18,657 - INFO - Starting price monitoring cycle
2026-02-16 19:11:18,657 - INFO - Monitoring product: Apple AirPods Pro
2026-02-16 19:11:18,657 - INFO - Checking rozetka price for https://rozetka.com.ua/ua/apple-airpods-pro-2nd-gen-usb-c-mtjv3ty-a/p389632293/
2026-02-16 19:11:18,657 - INFO - ====== WebDriver manager ======
2026-02-16 19:11:20,849 - INFO - Get LATEST chromedriver version for google-chrome
2026-02-16 19:11:21,893 - INFO - Get LATEST chromedriver version for google-chrome
2026-02-16 19:11:22,807 - INFO - Driver [C:\Users\User\.wdm\drivers\chromedriver\win64\144.0.7559.133\chromedriver-win32/chromedriver.exe] found in cache
2026-02-16 19:11:22,812 - WARNING - Failed to get rozetka price
2026-02-16 19:11:24,813 - INFO - Checking foxtrot price for https://www.foxtrot.com.ua/uk/shop/power-bank-anker-powercore-20000.html
2026-02-16 19:11:24,824 - INFO - ====== WebDriver manager ======
2026-02-16 19:11:27,091 - INFO - Get LATEST chromedriver version for google-chrome
2026-02-16 19:11:27,932 - INFO - Get LATEST chromedriver version for google-chrome
2026-02-16 19:11:28,036 - ERROR - Error getting rozetka price: 'charmap' codec can't encode characters in position 0-5: character maps to <undefined>
2026-02-16 19:11:28,037 - INFO - Checking foxtrot price for https://www.foxtrot.com.ua/uk/shop/naushniki-apple-airpods-pro-2-usb-c.html
2026-02-16 19:11:28,037 - INFO - ====== WebDriver manager ======
2026-02-16 19:11:28,996 - INFO - Driver [C:\Users\User\.wdm\drivers\chromedriver\win64\144.0.7559.133\chromedriver-win32/chromedriver.exe] found in cache
2026-02-16 19:11:30,578 - INFO - Get LATEST chromedriver version for google-chrome
2026-02-16 19:11:33,721 - INFO - Get LATEST chromedriver version for google-chrome
2026-02-16 19:11:35,002 - INFO - Driver [C:\Users\User\.wdm\drivers\chromedriver\win64\144.0.7559.133\chromedriver-win32/chromedriver.exe] found in cache
2026-02-16 19:11:41,141 - WARNING - Failed to get foxtrot price
2026-02-16 19:11:43,034 - WARNING - Failed to get foxtrot price
2026-02-16 19:11:43,141 - INFO - Checking allo price for https://allo.ua/ua/naushniki/naushniki-apple-airpods-pro-2nd-gen-usb-c-mtjv3ty-a-white.html
2026-02-16 19:11:43,142 - INFO - ====== WebDriver manager ======
2026-02-16 19:11:44,862 - INFO - Get LATEST chromedriver version for google-chrome
2026-02-16 19:11:45,038 - INFO - Checking allo price for https://allo.ua/ua/akustika/powerbank-anker-powercore-20000.html
2026-02-16 19:11:45,038 - INFO - ====== WebDriver manager ======
2026-02-16 19:11:46,024 - INFO - Get LATEST chromedriver version for google-chrome
2026-02-16 19:11:47,408 - INFO - Driver [C:\Users\User\.wdm\drivers\chromedriver\win64\144.0.7559.133\chromedriver-win32/chromedriver.exe] found in cache
2026-02-16 19:11:47,486 - INFO - Get LATEST chromedriver version for google-chrome
2026-02-16 19:11:48,376 - INFO - Get LATEST chromedriver version for google-chrome
2026-02-16 19:11:51,301 - INFO - Driver [C:\Users\User\.wdm\drivers\chromedriver\win64\144.0.7559.133\chromedriver-win32/chromedriver.exe] found in cache
2026-02-16 19:12:03,189 - WARNING - Failed to get allo price
2026-02-16 19:12:05,227 - INFO - Added price record for Apple AirPods Pro
2026-02-16 19:12:05,227 - INFO - Monitoring product: Samsung Galaxy Buds2 Pro
2026-02-16 19:12:05,227 - INFO - Checking rozetka price for https://rozetka.com.ua/ua/samsung-galaxy-buds2-pro-sm-r510nzkasek/p389632293/
2026-02-16 19:12:05,228 - INFO - ====== WebDriver manager ======
2026-02-16 19:12:06,327 - WARNING - Failed to get allo price
2026-02-16 19:12:06,956 - INFO - Get LATEST chromedriver version for google-chrome
2026-02-16 19:12:07,908 - INFO - Get LATEST chromedriver version for google-chrome
2026-02-16 19:12:08,337 - INFO - Added price record for Anker PowerCore 20000mAh
2026-02-16 19:12:08,339 - INFO - Monitoring product: JBL Charge 5
2026-02-16 19:12:08,341 - INFO - Checking rozetka price for https://rozetka.com.ua/ua/jbl-charge-5/p389632293/
2026-02-16 19:12:08,342 - INFO - ====== WebDriver manager ======
2026-02-16 19:12:09,107 - INFO - Driver [C:\Users\User\.wdm\drivers\chromedriver\win64\144.0.7559.133\chromedriver-win32/chromedriver.exe] found in cache
2026-02-16 19:12:12,003 - INFO - Get LATEST chromedriver version for google-chrome
2026-02-16 19:12:12,859 - INFO - Get LATEST chromedriver version for google-chrome
2026-02-16 19:12:13,686 - INFO - Driver [C:\Users\User\.wdm\drivers\chromedriver\win64\144.0.7559.133\chromedriver-win32/chromedriver.exe] found in cache
2026-02-16 19:12:14,068 - ERROR - Error getting rozetka price: 'charmap' codec can't encode characters in position 0-5: character maps to <undefined>
2026-02-16 19:12:14,068 - INFO - Checking foxtrot price for https://www.foxtrot.com.ua/uk/shop/naushniki-samsung-galaxy-buds2-pro.html
2026-02-16 19:12:14,068 - INFO - ====== WebDriver manager ======
2026-02-16 19:12:18,556 - INFO - Get LATEST chromedriver version for google-chrome
2026-02-16 19:12:21,644 - INFO - Get LATEST chromedriver version for google-chrome
2026-02-16 19:12:23,945 - INFO - Driver [C:\Users\User\.wdm\drivers\chromedriver\win64\144.0.7559.133\chromedriver-win32/chromedriver.exe] found in cache
2026-02-16 19:12:38,943 - WARNING - Failed to get rozetka price
2026-02-16 19:12:40,945 - INFO - Checking foxtrot price for https://www.foxtrot.com.ua/uk/shop/kolonka-jbl-charge-5.html
2026-02-16 19:12:41,046 - INFO - ====== WebDriver manager ======
2026-02-17 10:38:16,408 - INFO - Get LATEST chromedriver version for google-chrome
2026-02-17 10:38:30,715 - INFO - Get LATEST chromedriver version for google-chrome
2026-02-17 10:38:32,888 - INFO - Get LATEST chromedriver version for google-chrome
2026-02-17 10:38:42,046 - INFO - WebDriver version 144.0.7559.133 selected
2026-02-17 10:38:42,060 - INFO - Modern chrome version https://storage.googleapis.com/chrome-for-testing-public/144.0.7559.133/win32/chromedriver-win32.zip
2026-02-17 10:38:42,061 - INFO - About to download new driver from https://storage.googleapis.com/chrome-for-testing-public/144.0.7559.133/win32/chromedriver-win32.zip
2026-02-17 10:38:43,033 - INFO - Driver downloading response is 200
2026-02-17 10:38:44,641 - INFO - Get LATEST chromedriver version for google-chrome
2026-02-17 10:38:45,715 - INFO - Driver has been saved in cache [C:\Users\User\.wdm\drivers\chromedriver\win64\144.0.7559.133]
2026-02-17 10:38:48,072 - WARNING - Failed to get foxtrot price
2026-02-17 10:38:50,078 - INFO - Checking allo price for https://allo.ua/ua/naushniki/naushniki-samsung-galaxy-buds2-pro-sm-r510nzkasek.html
2026-02-17 10:38:50,079 - INFO - ====== WebDriver manager ======
2026-02-17 10:38:55,982 - INFO - Get LATEST chromedriver version for google-chrome
2026-02-17 10:38:58,202 - INFO - Get LATEST chromedriver version for google-chrome
2026-02-17 10:39:01,659 - INFO - Driver [C:\Users\User\.wdm\drivers\chromedriver\win64\144.0.7559.133\chromedriver.exe] found in cache
2026-02-17 10:39:08,448 - WARNING - Failed to get foxtrot price
2026-02-17 10:39:10,459 - INFO - Checking allo price for https://allo.ua/ua/akustika/kolonka-jbl-charge-5.html
2026-02-17 10:39:10,461 - INFO - ====== WebDriver manager ======
2026-02-17 10:39:17,778 - INFO - Get LATEST chromedriver version for google-chrome
2026-02-17 10:39:19,364 - INFO - Get LATEST chromedriver version for google-chrome
2026-02-17 10:39:20,494 - INFO - Driver [C:\Users\User\.wdm\drivers\chromedriver\win64\144.0.7559.133\chromedriver.exe] found in cache
2026-02-17 10:40:55,474 - INFO - Allo price: 3,199 UAH
2026-02-17 10:40:57,985 - INFO - Added price record for Samsung Galaxy Buds2 Pro
2026-02-17 10:40:57,985 - INFO - Monitoring product: Xiaomi Redmi Buds 4 Pro
2026-02-17 10:40:57,985 - INFO - Checking rozetka price for https://rozetka.com.ua/ua/xiaomi-redmi-buds-4-pro/p389632293/
2026-02-17 10:40:57,986 - INFO - ====== WebDriver manager ======
2026-02-17 10:40:59,692 - INFO - Get LATEST chromedriver version for google-chrome
2026-02-17 10:41:00,347 - INFO - Get LATEST chromedriver version for google-chrome
2026-02-17 10:41:01,057 - INFO - Driver [C:\Users\User\.wdm\drivers\chromedriver\win64\144.0.7559.133\chromedriver.exe] found in cache
2026-02-17 10:41:02,996 - WARNING - Failed to get allo price
2026-02-17 10:41:05,077 - INFO - Added price record for JBL Charge 5
2026-02-17 10:41:05,077 - INFO - Monitoring cycle completed: 5/5 products checked, 0 alerts sent
2026-02-17 10:41:05,082 - INFO - Starting price monitoring cycle
2026-02-17 10:41:05,082 - INFO - Monitoring product: Apple AirPods Pro
2026-02-17 10:41:05,083 - INFO - Checking rozetka price for https://rozetka.com.ua/ua/apple-airpods-pro-2nd-gen-usb-c-mtjv3ty-a/p389632293/
2026-02-17 10:41:05,084 - INFO - ====== WebDriver manager ======
2026-02-17 10:41:06,195 - INFO - Get LATEST chromedriver version for google-chrome
2026-02-17 10:41:06,650 - ERROR - Error getting rozetka price: 'charmap' codec can't encode characters in position 0-5: character maps to <undefined>
2026-02-17 10:41:06,650 - INFO - Checking foxtrot price for https://www.foxtrot.com.ua/uk/shop/naushniki-xiaomi-redmi-buds-4-pro.html
2026-02-17 10:41:06,651 - INFO - ====== WebDriver manager ======
2026-02-17 10:41:06,793 - INFO - Get LATEST chromedriver version for google-chrome
2026-02-17 10:41:07,502 - INFO - Driver [C:\Users\User\.wdm\drivers\chromedriver\win64\144.0.7559.133\chromedriver.exe] found in cache
2026-02-17 10:41:07,962 - INFO - Get LATEST chromedriver version for google-chrome
2026-02-17 10:41:09,020 - INFO - Get LATEST chromedriver version for google-chrome
2026-02-17 10:41:09,763 - INFO - Driver [C:\Users\User\.wdm\drivers\chromedriver\win64\144.0.7559.133\chromedriver.exe] found in cache
2026-02-17 10:41:24,550 - WARNING - Failed to get foxtrot price
2026-02-17 10:41:26,550 - INFO - Checking allo price for https://allo.ua/ua/naushniki/naushniki-xiaomi-redmi-buds-4-pro.html
2026-02-17 10:41:26,551 - INFO - ====== WebDriver manager ======
2026-02-17 10:41:27,915 - INFO - Get LATEST chromedriver version for google-chrome
2026-02-17 10:41:28,530 - INFO - Get LATEST chromedriver version for google-chrome
2026-02-17 10:41:29,141 - INFO - Driver [C:\Users\User\.wdm\drivers\chromedriver\win64\144.0.7559.133\chromedriver.exe] found in cache
2026-02-17 10:41:29,673 - WARNING - Failed to get rozetka price
2026-02-17 10:41:31,675 - INFO - Checking foxtrot price for https://www.foxtrot.com.ua/uk/shop/naushniki-apple-airpods-pro-2-usb-c.html
2026-02-17 10:41:31,734 - INFO - ====== WebDriver manager ======
2026-02-17 10:41:33,043 - INFO - Get LATEST chromedriver version for google-chrome
2026-02-17 10:41:33,625 - INFO - Get LATEST chromedriver version for google-chrome
2026-02-17 10:41:34,166 - INFO - Driver [C:\Users\User\.wdm\drivers\chromedriver\win64\144.0.7559.133\chromedriver.exe] found in cache
2026-02-17 10:41:45,879 - WARNING - Failed to get foxtrot price
2026-02-17 10:41:47,880 - INFO - Checking allo price for https://allo.ua/ua/naushniki/naushniki-apple-airpods-pro-2nd-gen-usb-c-mtjv3ty-a-white.html
2026-02-17 10:41:47,881 - INFO - ====== WebDriver manager ======
2026-02-17 10:41:50,466 - INFO - Get LATEST chromedriver version for google-chrome
2026-02-17 10:41:51,440 - INFO - Get LATEST chromedriver version for google-chrome
2026-02-17 10:41:52,104 - INFO - Driver [C:\Users\User\.wdm\drivers\chromedriver\win64\144.0.7559.133\chromedriver.exe] found in cache
2026-02-17 10:42:16,663 - INFO - Allo price: 11,699 UAH
2026-02-17 10:42:19,167 - INFO - Added price record for Apple AirPods Pro
2026-02-17 10:42:19,168 - INFO - Monitoring product: Samsung Galaxy Buds2 Pro
2026-02-17 10:42:19,169 - INFO - Checking rozetka price for https://rozetka.com.ua/ua/samsung-galaxy-buds2-pro-sm-r510nzkasek/p389632293/
2026-02-17 10:42:19,169 - INFO - ====== WebDriver manager ======
2026-02-17 10:42:23,626 - INFO - Get LATEST chromedriver version for google-chrome
2026-02-17 10:42:24,224 - INFO - Get LATEST chromedriver version for google-chrome
2026-02-17 10:42:25,110 - INFO - Driver [C:\Users\User\.wdm\drivers\chromedriver\win64\144.0.7559.133\chromedriver.exe] found in cache
2026-02-17 10:42:48,916 - WARNING - Failed to get rozetka price
2026-02-17 10:42:50,917 - INFO - Checking foxtrot price for https://www.foxtrot.com.ua/uk/shop/naushniki-samsung-galaxy-buds2-pro.html
2026-02-17 10:42:50,918 - INFO - ====== WebDriver manager ======
2026-02-17 10:42:52,837 - INFO - Get LATEST chromedriver version for google-chrome
2026-02-17 10:42:53,432 - INFO - Get LATEST chromedriver version for google-chrome
2026-02-17 10:42:54,009 - INFO - Driver [C:\Users\User\.wdm\drivers\chromedriver\win64\144.0.7559.133\chromedriver.exe] found in cache
2026-02-17 10:43:08,173 - WARNING - Failed to get foxtrot price
2026-02-17 10:43:10,177 - INFO - Checking allo price for https://allo.ua/ua/naushniki/naushniki-samsung-galaxy-buds2-pro-sm-r510nzkasek.html
2026-02-17 10:43:10,177 - INFO - ====== WebDriver manager ======
2026-02-17 10:43:15,381 - INFO - Get LATEST chromedriver version for google-chrome
2026-02-17 10:43:16,295 - INFO - Get LATEST chromedriver version for google-chrome
2026-02-17 10:43:17,869 - INFO - Driver [C:\Users\User\.wdm\drivers\chromedriver\win64\144.0.7559.133\chromedriver.exe] found in cache
2026-02-17 10:43:27,454 - INFO - Allo price: 3,199 UAH
2026-02-17 10:43:29,630 - INFO - Added price record for Xiaomi Redmi Buds 4 Pro
2026-02-17 10:43:29,631 - INFO - Monitoring product: Anker PowerCore 20000mAh
2026-02-17 10:43:29,631 - INFO - Checking rozetka price for https://rozetka.com.ua/ua/anker-powercore-20000/p389632293/
2026-02-17 10:43:29,635 - INFO - ====== WebDriver manager ======
2026-02-17 10:43:32,885 - INFO - Get LATEST chromedriver version for google-chrome
2026-02-17 10:43:34,048 - INFO - Get LATEST chromedriver version for google-chrome
2026-02-17 10:43:35,168 - INFO - Driver [C:\Users\User\.wdm\drivers\chromedriver\win64\144.0.7559.133\chromedriver.exe] found in cache
2026-02-17 10:43:44,277 - ERROR - Error getting rozetka price: 'charmap' codec can't encode characters in position 0-5: character maps to <undefined>
2026-02-17 10:43:44,277 - INFO - Checking foxtrot price for https://www.foxtrot.com.ua/uk/shop/power-bank-anker-powercore-20000.html
2026-02-17 10:43:44,278 - INFO - ====== WebDriver manager ======
2026-02-17 10:43:46,793 - INFO - Get LATEST chromedriver version for google-chrome
2026-02-17 10:43:47,602 - INFO - Get LATEST chromedriver version for google-chrome
2026-02-17 10:43:48,483 - INFO - Driver [C:\Users\User\.wdm\drivers\chromedriver\win64\144.0.7559.133\chromedriver.exe] found in cache
2026-02-17 10:44:03,672 - WARNING - Failed to get foxtrot price
2026-02-17 10:44:05,674 - INFO - Checking allo price for https://allo.ua/ua/akustika/powerbank-anker-powercore-20000.html
2026-02-17 10:44:05,675 - INFO - ====== WebDriver manager ======
2026-02-17 10:44:07,734 - INFO - Get LATEST chromedriver version for google-chrome
2026-02-17 10:44:08,665 - INFO - Get LATEST chromedriver version for google-chrome
2026-02-17 10:44:09,564 - INFO - Driver [C:\Users\User\.wdm\drivers\chromedriver\win64\144.0.7559.133\chromedriver.exe] found in cache
2026-02-17 10:45:07,351 - INFO - Allo price: 3,199 UAH
2026-02-17 10:45:09,529 - INFO - Added price record for Samsung Galaxy Buds2 Pro
2026-02-17 10:45:09,529 - INFO - Monitoring product: Xiaomi Redmi Buds 4 Pro
2026-02-17 10:45:09,530 - INFO - Checking rozetka price for https://rozetka.com.ua/ua/xiaomi-redmi-buds-4-pro/p389632293/
2026-02-17 10:45:09,531 - INFO - ====== WebDriver manager ======
2026-02-17 10:45:11,571 - INFO - Get LATEST chromedriver version for google-chrome
2026-02-17 10:45:12,182 - INFO - Get LATEST chromedriver version for google-chrome
2026-02-17 10:45:12,773 - INFO - Driver [C:\Users\User\.wdm\drivers\chromedriver\win64\144.0.7559.133\chromedriver.exe] found in cache
2026-02-17 10:45:41,682 - WARNING - Failed to get rozetka price
2026-02-17 10:45:43,684 - INFO - Checking foxtrot price for https://www.foxtrot.com.ua/uk/shop/naushniki-xiaomi-redmi-buds-4-pro.html
2026-02-17 10:45:43,684 - INFO - ====== WebDriver manager ======
2026-02-17 10:45:44,929 - INFO - Get LATEST chromedriver version for google-chrome
2026-02-17 10:45:45,514 - INFO - Get LATEST chromedriver version for google-chrome
2026-02-17 10:45:46,083 - INFO - Driver [C:\Users\User\.wdm\drivers\chromedriver\win64\144.0.7559.133\chromedriver.exe] found in cache
2026-02-17 10:45:48,609 - WARNING - Failed to get allo price
2026-02-17 10:45:50,616 - INFO - Added price record for Anker PowerCore 20000mAh
2026-02-17 10:45:50,617 - INFO - Monitoring product: JBL Charge 5
2026-02-17 10:45:50,617 - INFO - Checking rozetka price for https://rozetka.com.ua/ua/jbl-charge-5/p389632293/
2026-02-17 10:45:50,617 - INFO - ====== WebDriver manager ======
2026-02-17 10:45:51,641 - INFO - Get LATEST chromedriver version for google-chrome
2026-02-17 10:45:52,290 - INFO - Get LATEST chromedriver version for google-chrome
2026-02-17 10:45:52,911 - INFO - Driver [C:\Users\User\.wdm\drivers\chromedriver\win64\144.0.7559.133\chromedriver.exe] found in cache
2026-02-17 10:45:56,636 - ERROR - Error getting rozetka price: 'charmap' codec can't encode characters in position 0-5: character maps to <undefined>
2026-02-17 10:45:56,636 - INFO - Checking foxtrot price for https://www.foxtrot.com.ua/uk/shop/kolonka-jbl-charge-5.html
2026-02-17 10:45:56,636 - INFO - ====== WebDriver manager ======
2026-02-17 10:45:56,792 - WARNING - Failed to get foxtrot price
2026-02-17 10:45:57,643 - INFO - Get LATEST chromedriver version for google-chrome
2026-02-17 10:45:58,265 - INFO - Get LATEST chromedriver version for google-chrome
2026-02-17 10:45:58,794 - INFO - Checking allo price for https://allo.ua/ua/naushniki/naushniki-xiaomi-redmi-buds-4-pro.html
2026-02-17 10:45:58,797 - INFO - ====== WebDriver manager ======
2026-02-17 10:45:58,878 - INFO - Driver [C:\Users\User\.wdm\drivers\chromedriver\win64\144.0.7559.133\chromedriver.exe] found in cache
2026-02-17 10:46:02,054 - INFO - Get LATEST chromedriver version for google-chrome
2026-02-17 10:46:02,751 - INFO - Get LATEST chromedriver version for google-chrome
2026-02-17 10:46:03,333 - INFO - Driver [C:\Users\User\.wdm\drivers\chromedriver\win64\144.0.7559.133\chromedriver.exe] found in cache
2026-02-17 10:46:11,515 - WARNING - Failed to get foxtrot price
2026-02-17 10:46:13,515 - INFO - Checking allo price for https://allo.ua/ua/akustika/kolonka-jbl-charge-5.html
2026-02-17 10:46:13,515 - INFO - ====== WebDriver manager ======
2026-02-17 10:46:15,891 - INFO - Get LATEST chromedriver version for google-chrome
2026-02-17 10:46:16,726 - INFO - Get LATEST chromedriver version for google-chrome
2026-02-17 10:46:17,418 - INFO - Driver [C:\Users\User\.wdm\drivers\chromedriver\win64\144.0.7559.133\chromedriver.exe] found in cache
2026-02-17 10:48:08,173 - WARNING - Failed to get allo price
2026-02-17 10:48:08,293 - INFO - Allo price: 3,199 UAH
2026-02-17 10:48:10,321 - INFO - Added price record for JBL Charge 5
2026-02-17 10:48:10,322 - INFO - Monitoring cycle completed: 5/5 products checked, 0 alerts sent
2026-02-17 10:48:10,625 - INFO - Added price record for Xiaomi Redmi Buds 4 Pro
2026-02-17 10:48:10,626 - INFO - Monitoring product: Anker PowerCore 20000mAh
2026-02-17 10:48:10,627 - INFO - Checking rozetka price for https://rozetka.com.ua/ua/anker-powercore-20000/p389632293/
2026-02-17 10:48:10,632 - INFO - ====== WebDriver manager ======
2026-02-17 10:48:14,848 - INFO - Get LATEST chromedriver version for google-chrome
2026-02-17 10:48:15,912 - INFO - Get LATEST chromedriver version for google-chrome
2026-02-17 10:48:16,705 - INFO - Driver [C:\Users\User\.wdm\drivers\chromedriver\win64\144.0.7559.133\chromedriver.exe] found in cache
2026-02-17 10:48:49,845 - WARNING - Failed to get rozetka price
2026-02-17 10:48:51,852 - INFO - Checking foxtrot price for https://www.foxtrot.com.ua/uk/shop/power-bank-anker-powercore-20000.html
2026-02-17 10:48:52,141 - INFO - ====== WebDriver manager ======
2026-02-17 10:48:56,111 - INFO - Get LATEST chromedriver version for google-chrome
2026-02-17 10:48:57,050 - INFO - Get LATEST chromedriver version for google-chrome
2026-02-17 10:48:57,756 - INFO - Driver [C:\Users\User\.wdm\drivers\chromedriver\win64\144.0.7559.133\chromedriver.exe] found in cache
2026-02-17 10:49:15,811 - WARNING - Failed to get foxtrot price
2026-02-17 10:49:17,813 - INFO - Checking allo price for https://allo.ua/ua/akustika/powerbank-anker-powercore-20000.html
2026-02-17 10:49:17,814 - INFO - ====== WebDriver manager ======
2026-02-17 10:49:19,212 - INFO - Get LATEST chromedriver version for google-chrome
2026-02-17 10:49:19,858 - INFO - Get LATEST chromedriver version for google-chrome
2026-02-17 10:49:20,538 - INFO - Driver [C:\Users\User\.wdm\drivers\chromedriver\win64\144.0.7559.133\chromedriver.exe] found in cache
2026-02-17 10:50:57,746 - WARNING - Failed to get allo price
2026-02-17 10:51:00,267 - INFO - Added price record for Anker PowerCore 20000mAh
2026-02-17 10:51:00,268 - INFO - Monitoring product: JBL Charge 5
2026-02-17 10:51:00,268 - INFO - Checking rozetka price for https://rozetka.com.ua/ua/jbl-charge-5/p389632293/
2026-02-17 10:51:00,270 - INFO - ====== WebDriver manager ======
2026-02-17 10:51:06,811 - INFO - Get LATEST chromedriver version for google-chrome
2026-02-17 10:51:08,065 - INFO - Get LATEST chromedriver version for google-chrome
2026-02-17 10:51:08,865 - INFO - Driver [C:\Users\User\.wdm\drivers\chromedriver\win64\144.0.7559.133\chromedriver.exe] found in cache
2026-02-17 10:51:32,439 - WARNING - Failed to get rozetka price
2026-02-17 10:51:34,441 - INFO - Checking foxtrot price for https://www.foxtrot.com.ua/uk/shop/kolonka-jbl-charge-5.html
2026-02-17 10:51:34,441 - INFO - ====== WebDriver manager ======
2026-02-17 10:51:35,914 - INFO - Get LATEST chromedriver version for google-chrome
2026-02-17 10:51:36,447 - INFO - Get LATEST chromedriver version for google-chrome
2026-02-17 10:51:37,010 - INFO - Driver [C:\Users\User\.wdm\drivers\chromedriver\win64\144.0.7559.133\chromedriver.exe] found in cache
2026-02-17 10:51:51,635 - WARNING - Failed to get foxtrot price
2026-02-17 10:51:53,636 - INFO - Checking allo price for https://allo.ua/ua/akustika/kolonka-jbl-charge-5.html
2026-02-17 10:51:53,636 - INFO - ====== WebDriver manager ======
2026-02-17 10:51:54,804 - INFO - Get LATEST chromedriver version for google-chrome
2026-02-17 10:51:55,384 - INFO - Get LATEST chromedriver version for google-chrome
2026-02-17 10:51:55,904 - INFO - Driver [C:\Users\User\.wdm\drivers\chromedriver\win64\144.0.7559.133\chromedriver.exe] found in cache
2026-02-17 10:53:35,622 - WARNING - Failed to get allo price
2026-02-17 10:53:37,687 - INFO - Added price record for JBL Charge 5
2026-02-17 10:53:37,689 - INFO - Monitoring cycle completed: 5/5 products checked, 0 alerts sent
2026-02-17 10:59:48,740 - INFO - Running in test mode
2026-02-17 10:59:48,740 - INFO - Starting price monitoring cycle
2026-02-17 10:59:48,740 - INFO - Monitoring product: Apple AirPods Pro
2026-02-17 10:59:48,741 - INFO - Checking rozetka price for https://rozetka.com.ua/ua/apple-airpods-pro-2nd-gen-usb-c-mtjv3ty-a/p389632293/
2026-02-17 10:59:48,741 - INFO - ====== WebDriver manager ======
2026-02-17 10:59:51,776 - INFO - Get LATEST chromedriver version for google-chrome
2026-02-17 10:59:53,273 - INFO - Get LATEST chromedriver version for google-chrome
2026-02-17 10:59:54,443 - INFO - Driver [C:\Users\User\.wdm\drivers\chromedriver\win64\144.0.7559.133\chromedriver.exe] found in cache
2026-02-17 11:00:07,448 - ERROR - Error getting rozetka price: 'charmap' codec can't encode characters in position 0-5: character maps to <undefined>
2026-02-17 11:00:07,449 - INFO - Checking foxtrot price for https://www.foxtrot.com.ua/uk/shop/naushniki-apple-airpods-pro-2-usb-c.html
2026-02-17 11:00:07,450 - INFO - ====== WebDriver manager ======
2026-02-17 11:00:10,151 - INFO - Get LATEST chromedriver version for google-chrome
2026-02-17 11:00:11,623 - INFO - Get LATEST chromedriver version for google-chrome
2026-02-17 11:00:13,363 - INFO - Driver [C:\Users\User\.wdm\drivers\chromedriver\win64\144.0.7559.133\chromedriver.exe] found in cache
2026-02-17 11:00:32,000 - WARNING - Failed to get foxtrot price
2026-02-17 11:00:34,001 - INFO - Checking allo price for https://allo.ua/ua/naushniki/naushniki-apple-airpods-pro-2nd-gen-usb-c-mtjv3ty-a-white.html
2026-02-17 11:00:34,001 - INFO - ====== WebDriver manager ======
2026-02-17 11:00:36,203 - INFO - Get LATEST chromedriver version for google-chrome
2026-02-17 11:00:37,314 - INFO - Get LATEST chromedriver version for google-chrome
2026-02-17 11:00:38,305 - INFO - Driver [C:\Users\User\.wdm\drivers\chromedriver\win64\144.0.7559.133\chromedriver.exe] found in cache
2026-02-17 11:01:06,105 - INFO - Allo price: 11,699 UAH
2026-02-17 11:01:08,209 - INFO - Added price record for Apple AirPods Pro
2026-02-17 11:01:08,209 - INFO - Monitoring product: Samsung Galaxy Buds2 Pro
2026-02-17 11:01:08,209 - INFO - Checking rozetka price for https://rozetka.com.ua/ua/samsung-galaxy-buds2-pro-sm-r510nzkasek/p389632293/
2026-02-17 11:01:08,210 - INFO - ====== WebDriver manager ======
2026-02-17 11:01:09,764 - INFO - Get LATEST chromedriver version for google-chrome
2026-02-17 11:01:10,401 - INFO - Get LATEST chromedriver version for google-chrome
2026-02-17 11:01:11,044 - INFO - Driver [C:\Users\User\.wdm\drivers\chromedriver\win64\144.0.7559.133\chromedriver.exe] found in cache
2026-02-17 11:01:16,395 - ERROR - Error getting rozetka price: 'charmap' codec can't encode characters in position 0-5: character maps to <undefined>
2026-02-17 11:01:16,395 - INFO - Checking foxtrot price for https://www.foxtrot.com.ua/uk/shop/naushniki-samsung-galaxy-buds2-pro.html
2026-02-17 11:01:16,395 - INFO - ====== WebDriver manager ======
2026-02-17 11:01:17,442 - INFO - Get LATEST chromedriver version for google-chrome
2026-02-17 11:01:18,059 - INFO - Get LATEST chromedriver version for google-chrome
2026-02-17 11:01:18,742 - INFO - Driver [C:\Users\User\.wdm\drivers\chromedriver\win64\144.0.7559.133\chromedriver.exe] found in cache
2026-02-17 11:01:30,881 - WARNING - Failed to get foxtrot price
2026-02-17 11:01:32,882 - INFO - Checking allo price for https://allo.ua/ua/naushniki/naushniki-samsung-galaxy-buds2-pro-sm-r510nzkasek.html
2026-02-17 11:01:32,882 - INFO - ====== WebDriver manager ======
2026-02-17 11:01:34,011 - INFO - Get LATEST chromedriver version for google-chrome
2026-02-17 11:01:34,650 - INFO - Get LATEST chromedriver version for google-chrome
2026-02-17 11:01:35,279 - INFO - Driver [C:\Users\User\.wdm\drivers\chromedriver\win64\144.0.7559.133\chromedriver.exe] found in cache
2026-02-17 11:03:28,139 - INFO - Allo price: 3,199 UAH
2026-02-17 11:03:30,154 - INFO - Added price record for Samsung Galaxy Buds2 Pro
2026-02-17 11:03:30,154 - INFO - Monitoring product: Xiaomi Redmi Buds 4 Pro
2026-02-17 11:03:30,154 - INFO - Checking rozetka price for https://rozetka.com.ua/ua/xiaomi-redmi-buds-4-pro/p389632293/
2026-02-17 11:03:30,154 - INFO - ====== WebDriver manager ======
2026-02-17 11:03:31,819 - INFO - Get LATEST chromedriver version for google-chrome
2026-02-17 11:03:32,461 - INFO - Get LATEST chromedriver version for google-chrome
2026-02-17 11:03:33,125 - INFO - Driver [C:\Users\User\.wdm\drivers\chromedriver\win64\144.0.7559.133\chromedriver.exe] found in cache
2026-02-17 11:03:38,613 - ERROR - Error getting rozetka price: 'charmap' codec can't encode characters in position 0-5: character maps to <undefined>
2026-02-17 11:03:38,613 - INFO - Checking foxtrot price for https://www.foxtrot.com.ua/uk/shop/naushniki-xiaomi-redmi-buds-4-pro.html
2026-02-17 11:03:38,613 - INFO - ====== WebDriver manager ======
2026-02-17 11:03:39,669 - INFO - Get LATEST chromedriver version for google-chrome
2026-02-17 11:03:40,310 - INFO - Get LATEST chromedriver version for google-chrome
2026-02-17 11:03:40,951 - INFO - Driver [C:\Users\User\.wdm\drivers\chromedriver\win64\144.0.7559.133\chromedriver.exe] found in cache
2026-02-17 11:03:53,482 - WARNING - Failed to get foxtrot price
2026-02-17 11:03:55,483 - INFO - Checking allo price for https://allo.ua/ua/naushniki/naushniki-xiaomi-redmi-buds-4-pro.html
2026-02-17 11:03:55,483 - INFO - ====== WebDriver manager ======
2026-02-17 11:03:57,056 - INFO - Get LATEST chromedriver version for google-chrome
2026-02-17 11:03:57,786 - INFO - Get LATEST chromedriver version for google-chrome
2026-02-17 11:03:58,571 - INFO - Driver [C:\Users\User\.wdm\drivers\chromedriver\win64\144.0.7559.133\chromedriver.exe] found in cache
2026-02-17 11:05:48,497 - INFO - Allo price: 3,199 UAH
2026-02-17 11:05:50,518 - INFO - Added price record for Xiaomi Redmi Buds 4 Pro
2026-02-17 11:05:50,518 - INFO - Monitoring product: Anker PowerCore 20000mAh
2026-02-17 11:05:50,519 - INFO - Checking rozetka price for https://rozetka.com.ua/ua/anker-powercore-20000/p389632293/
2026-02-17 11:05:50,519 - INFO - ====== WebDriver manager ======
2026-02-17 11:05:52,804 - INFO - Get LATEST chromedriver version for google-chrome
2026-02-17 11:05:53,703 - INFO - Get LATEST chromedriver version for google-chrome
2026-02-17 11:05:54,479 - INFO - Driver [C:\Users\User\.wdm\drivers\chromedriver\win64\144.0.7559.133\chromedriver.exe] found in cache
2026-02-17 11:06:00,359 - ERROR - Error getting rozetka price: 'charmap' codec can't encode characters in position 0-5: character maps to <undefined>
2026-02-17 11:06:00,359 - INFO - Checking foxtrot price for https://www.foxtrot.com.ua/uk/shop/power-bank-anker-powercore-20000.html
2026-02-17 11:06:00,360 - INFO - ====== WebDriver manager ======
2026-02-17 11:06:02,022 - INFO - Get LATEST chromedriver version for google-chrome
2026-02-17 11:06:02,766 - INFO - Get LATEST chromedriver version for google-chrome
2026-02-17 11:06:03,565 - INFO - Driver [C:\Users\User\.wdm\drivers\chromedriver\win64\144.0.7559.133\chromedriver.exe] found in cache
2026-02-17 11:06:16,372 - WARNING - Failed to get foxtrot price
2026-02-17 11:06:18,373 - INFO - Checking allo price for https://allo.ua/ua/akustika/powerbank-anker-powercore-20000.html
2026-02-17 11:06:18,373 - INFO - ====== WebDriver manager ======
2026-02-17 11:06:19,498 - INFO - Get LATEST chromedriver version for google-chrome
2026-02-17 11:06:20,129 - INFO - Get LATEST chromedriver version for google-chrome
2026-02-17 11:06:21,112 - INFO - Driver [C:\Users\User\.wdm\drivers\chromedriver\win64\144.0.7559.133\chromedriver.exe] found in cache
2026-02-17 11:07:58,673 - WARNING - Failed to get allo price
2026-02-17 11:08:00,682 - INFO - Added price record for Anker PowerCore 20000mAh
2026-02-17 11:08:00,682 - INFO - Monitoring product: JBL Charge 5
2026-02-17 11:08:00,682 - INFO - Checking rozetka price for https://rozetka.com.ua/ua/jbl-charge-5/p389632293/
2026-02-17 11:08:00,682 - INFO - ====== WebDriver manager ======
2026-02-17 11:08:02,551 - INFO - Get LATEST chromedriver version for google-chrome
2026-02-17 11:08:03,242 - INFO - Get LATEST chromedriver version for google-chrome
2026-02-17 11:08:04,273 - INFO - Driver [C:\Users\User\.wdm\drivers\chromedriver\win64\144.0.7559.133\chromedriver.exe] found in cache
2026-02-17 11:08:10,719 - ERROR - Error getting rozetka price: 'charmap' codec can't encode characters in position 0-5: character maps to <undefined>
2026-02-17 11:08:10,719 - INFO - Checking foxtrot price for https://www.foxtrot.com.ua/uk/shop/kolonka-jbl-charge-5.html
2026-02-17 11:08:10,719 - INFO - ====== WebDriver manager ======
2026-02-17 11:08:14,564 - INFO - Get LATEST chromedriver version for google-chrome
2026-02-17 11:08:15,236 - INFO - Get LATEST chromedriver version for google-chrome
2026-02-17 11:08:15,900 - INFO - Driver [C:\Users\User\.wdm\drivers\chromedriver\win64\144.0.7559.133\chromedriver.exe] found in cache
2026-02-17 11:08:28,733 - WARNING - Failed to get foxtrot price
2026-02-17 11:08:30,734 - INFO - Checking allo price for https://allo.ua/ua/akustika/kolonka-jbl-charge-5.html
2026-02-17 11:08:30,735 - INFO - ====== WebDriver manager ======
2026-02-17 11:08:32,534 - INFO - Get LATEST chromedriver version for google-chrome
2026-02-17 11:08:33,409 - INFO - Get LATEST chromedriver version for google-chrome
2026-02-17 11:08:34,289 - INFO - Driver [C:\Users\User\.wdm\drivers\chromedriver\win64\144.0.7559.133\chromedriver.exe] found in cache
2026-02-17 11:10:12,790 - WARNING - Failed to get allo price
2026-02-17 11:10:14,800 - INFO - Added price record for JBL Charge 5
2026-02-17 11:10:14,800 - INFO - Monitoring cycle completed: 5/5 products checked, 0 alerts sent
